Release 14.7 - xst P.20131013 (nt64)
Copyright (c) 1995-2013 Xilinx, Inc.  All rights reserved.
--> Parameter TMPDIR set to xst/projnav.tmp


Total REAL time to Xst completion: 0.00 secs
Total CPU time to Xst completion: 0.11 secs
 
--> Parameter xsthdpdir set to xst


Total REAL time to Xst completion: 0.00 secs
Total CPU time to Xst completion: 0.12 secs
 
--> Reading design: lab5.prj

TABLE OF CONTENTS
  1) Synthesis Options Summary
  2) HDL Parsing
  3) HDL Elaboration
  4) HDL Synthesis
       4.1) HDL Synthesis Report
  5) Advanced HDL Synthesis
       5.1) Advanced HDL Synthesis Report
  6) Low Level Synthesis
  7) Partition Report
  8) Design Summary
       8.1) Primitive and Black Box Usage
       8.2) Device utilization summary
       8.3) Partition Resource Summary
       8.4) Timing Report
            8.4.1) Clock Information
            8.4.2) Asynchronous Control Signals Information
            8.4.3) Timing Summary
            8.4.4) Timing Details
            8.4.5) Cross Clock Domains Report


=========================================================================
*                      Synthesis Options Summary                        *
=========================================================================
---- Source Parameters
Input File Name                    : "lab5.prj"
Ignore Synthesis Constraint File   : NO

---- Target Parameters
Output File Name                   : "lab5"
Output Format                      : NGC
Target Device                      : xc6slx9-3-tqg144

---- Source Options
Top Module Name                    : lab5
Automatic FSM Extraction           : YES
FSM Encoding Algorithm             : Auto
Safe Implementation                : No
FSM Style                          : LUT
RAM Extraction                     : Yes
RAM Style                          : Auto
ROM Extraction                     : Yes
Shift Register Extraction          : YES
ROM Style                          : Auto
Resource Sharing                   : YES
Asynchronous To Synchronous        : NO
Shift Register Minimum Size        : 2
Use DSP Block                      : Auto
Automatic Register Balancing       : No

---- Target Options
LUT Combining                      : Auto
Reduce Control Sets                : Auto
Add IO Buffers                     : YES
Global Maximum Fanout              : 100000
Add Generic Clock Buffer(BUFG)     : 16
Register Duplication               : YES
Optimize Instantiated Primitives   : NO
Use Clock Enable                   : Auto
Use Synchronous Set                : Auto
Use Synchronous Reset              : Auto
Pack IO Registers into IOBs        : Auto
Equivalent register Removal        : YES

---- General Options
Optimization Goal                  : Speed
Optimization Effort                : 1
Power Reduction                    : NO
Keep Hierarchy                     : No
Netlist Hierarchy                  : As_Optimized
RTL Output                         : Yes
Global Optimization                : AllClockNets
Read Cores                         : YES
Write Timing Constraints           : NO
Cross Clock Analysis               : NO
Hierarchy Separator                : /
Bus Delimiter                      : <>
Case Specifier                     : Maintain
Slice Utilization Ratio            : 100
BRAM Utilization Ratio             : 100
DSP48 Utilization Ratio            : 100
Auto BRAM Packing                  : NO
Slice Utilization Ratio Delta      : 5

=========================================================================


=========================================================================
*                          HDL Parsing                                  *
=========================================================================
Analyzing Verilog file "C:\AllLab\Lab5\lab5.vf" into library work
Parsing module <FJKC_HXILINX_lab5>.
Parsing module <lab5>.

=========================================================================
*                            HDL Elaboration                            *
=========================================================================

Elaborating module <lab5>.

Elaborating module <AND2>.

Elaborating module <INV>.

Elaborating module <OR4>.

Elaborating module <OR3>.

Elaborating module <OR2>.

Elaborating module <OR5>.

Elaborating module <FJKC_HXILINX_lab5>.

Elaborating module <VCC>.

Elaborating module <GND>.

=========================================================================
*                           HDL Synthesis                               *
=========================================================================

Synthesizing Unit <lab5>.
    Related source file is "C:\AllLab\Lab5\lab5.vf".
    Set property "HU_SET = XLXI_52_0" for instance <XLXI_52>.
    Set property "HU_SET = XLXI_53_1" for instance <XLXI_53>.
    Set property "HU_SET = XLXI_54_2" for instance <XLXI_54>.
    Summary:
	no macro.
Unit <lab5> synthesized.

Synthesizing Unit <FJKC_HXILINX_lab5>.
    Related source file is "C:\AllLab\Lab5\lab5.vf".
        INIT = 1'b0
    Found 1-bit register for signal <Q>.
    Summary:
	inferred   1 D-type flip-flop(s).
	inferred   2 Multiplexer(s).
Unit <FJKC_HXILINX_lab5> synthesized.

=========================================================================
HDL Synthesis Report

Macro Statistics
# Registers                                            : 3
 1-bit register                                        : 3
# Multiplexers                                         : 6
 1-bit 2-to-1 multiplexer                              : 6

=========================================================================

=========================================================================
*                       Advanced HDL Synthesis                          *
=========================================================================


=========================================================================
Advanced HDL Synthesis Report

Macro Statistics
# Registers                                            : 3
 Flip-Flops                                            : 3
# Multiplexers                                         : 6
 1-bit 2-to-1 multiplexer                              : 6

=========================================================================

=========================================================================
*                         Low Level Synthesis                           *
=========================================================================

Optimizing unit <lab5> ...

Optimizing unit <FJKC_HXILINX_lab5> ...

Mapping all equations...
Building and optimizing final netlist ...
Found area constraint ratio of 100 (+ 5) on block lab5, actual ratio is 0.

Final Macro Processing ...

=========================================================================
Final Register Report

Macro Statistics
# Registers                                            : 3
 Flip-Flops                                            : 3

=========================================================================

=========================================================================
*                           Partition Report                            *
=========================================================================

Partition Implementation Status
-------------------------------

  No Partitions were found in this design.

-------------------------------

=========================================================================
*                            Design Summary                             *
=========================================================================

Top Level Output File Name         : lab5.ngc

Primitive and Black Box Usage:
------------------------------
# BELS                             : 26
#      AND2                        : 10
#      GND                         : 1
#      INV                         : 4
#      LUT3                        : 2
#      OR2                         : 2
#      OR3                         : 2
#      OR4                         : 3
#      OR5                         : 1
#      VCC                         : 1
# FlipFlops/Latches                : 3
#      FDC                         : 3
# Clock Buffers                    : 1
#      BUFGP                       : 1
# IO Buffers                       : 8
#      IBUF                        : 1
#      OBUF                        : 7

Device utilization summary:
---------------------------

Selected Device : 6slx9tqg144-3 


Slice Logic Utilization: 
 Number of Slice Registers:               3  out of  11440     0%  
 Number of Slice LUTs:                    6  out of   5720     0%  
    Number used as Logic:                 6  out of   5720     0%  

Slice Logic Distribution: 
 Number of LUT Flip Flop pairs used:      9
   Number with an unused Flip Flop:       6  out of      9    66%  
   Number with an unused LUT:             3  out of      9    33%  
   Number of fully used LUT-FF pairs:     0  out of      9     0%  
   Number of unique control sets:         3

IO Utilization: 
 Number of IOs:                           9
 Number of bonded IOBs:                   9  out of    102     8%  

Specific Feature Utilization:
 Number of BUFG/BUFGCTRLs:                1  out of     16     6%  

---------------------------
Partition Resource Summary:
---------------------------

  No Partitions were found in this design.

---------------------------


=========================================================================
Timing Report

NOTE: THESE TIMING NUMBERS ARE ONLY A SYNTHESIS ESTIMATE.
      FOR ACCURATE TIMING INFORMATION PLEASE REFER TO THE TRACE REPORT
      GENERATED AFTER PLACE-and-ROUTE.

Clock Information:
------------------
-----------------------------------+------------------------+-------+
Clock Signal                       | Clock buffer(FF name)  | Load  |
-----------------------------------+------------------------+-------+
P48                                | BUFGP                  | 3     |
-----------------------------------+------------------------+-------+

Asynchronous Control Signals Information:
----------------------------------------
No asynchronous control signals found in this design

Timing Summary:
---------------
Speed Grade: -3

   Minimum period: 2.731ns (Maximum Frequency: 366.220MHz)
   Minimum input arrival time before clock: 2.302ns
   Maximum output required time after clock: 8.550ns
   Maximum combinational path delay: No path found

Timing Details:
---------------
All values displayed in nanoseconds (ns)

=========================================================================
Timing constraint: Default period analysis for Clock 'P48'
  Clock period: 2.731ns (frequency: 366.220MHz)
  Total number of paths / destination ports: 9 / 3
-------------------------------------------------------------------------
Delay:               2.731ns (Levels of Logic = 3)
  Source:            XLXI_54/Q (FF)
  Destination:       XLXI_52/Q (FF)
  Source Clock:      P48 rising
  Destination Clock: P48 rising

  Data Path: XLXI_54/Q to XLXI_52/Q
                                Gate     Net
    Cell:in->out      fanout   Delay   Delay  Logical Name (Net Name)
    ----------------------------------------  ------------
     FDC:C->Q              9   0.447   1.194  Q (Q)
     end scope: 'XLXI_54:Q'
     OR2:I0->O             1   0.203   0.580  XLXI_56 (XLXN_78)
     begin scope: 'XLXI_53:K'
     LUT3:I2->O            1   0.205   0.000  Q_rstpot (Q_rstpot)
     FDC:D                     0.102          Q
    ----------------------------------------
    Total                      2.731ns (0.957ns logic, 1.774ns route)
                                       (35.0% logic, 65.0% route)

=========================================================================
Timing constraint: Default OFFSET IN BEFORE for Clock 'P48'
  Total number of paths / destination ports: 3 / 3
-------------------------------------------------------------------------
Offset:              2.302ns (Levels of Logic = 2)
  Source:            P57 (PAD)
  Destination:       XLXI_54/Q (FF)
  Destination Clock: P48 rising

  Data Path: P57 to XLXI_54/Q
                                Gate     Net
    Cell:in->out      fanout   Delay   Delay  Logical Name (Net Name)
    ----------------------------------------  ------------
     IBUF:I->O             3   1.222   0.650  P57_IBUF (P57_IBUF)
     begin scope: 'XLXI_54:CLR'
     FDC:CLR                   0.430          Q
    ----------------------------------------
    Total                      2.302ns (1.652ns logic, 0.650ns route)
                                       (71.8% logic, 28.2% route)

=========================================================================
Timing constraint: Default OFFSET OUT AFTER for Clock 'P48'
  Total number of paths / destination ports: 38 / 7
-------------------------------------------------------------------------
Offset:              8.550ns (Levels of Logic = 6)
  Source:            XLXI_53/Q (FF)
  Destination:       d_P34 (PAD)
  Source Clock:      P48 rising

  Data Path: XLXI_53/Q to d_P34
                                Gate     Net
    Cell:in->out      fanout   Delay   Delay  Logical Name (Net Name)
    ----------------------------------------  ------------
     FDC:C->Q              8   0.447   0.802  Q (Q)
     end scope: 'XLXI_53:Q'
     INV:I->O              3   0.568   1.015  XLXI_3 (XLXN_28)
     AND2:I0->O            3   0.203   1.015  BCc (XLXN_40)
     AND2:I0->O            1   0.203   0.944  BCcD (XLXN_34)
     OR5:I0->O             1   0.203   0.579  XLXI_28 (d_P34_OBUF)
     OBUF:I->O                 2.571          d_P34_OBUF (d_P34)
    ----------------------------------------
    Total                      8.550ns (4.195ns logic, 4.355ns route)
                                       (49.1% logic, 50.9% route)

=========================================================================

Cross Clock Domains Report:
--------------------------

Clock to Setup on destination clock P48
---------------+---------+---------+---------+---------+
               | Src:Rise| Src:Fall| Src:Rise| Src:Fall|
Source Clock   |Dest:Rise|Dest:Rise|Dest:Fall|Dest:Fall|
---------------+---------+---------+---------+---------+
P48            |    2.731|         |         |         |
---------------+---------+---------+---------+---------+

=========================================================================


Total REAL time to Xst completion: 5.00 secs
Total CPU time to Xst completion: 5.41 secs
 
--> 

Total memory usage is 4509416 kilobytes

Number of errors   :    0 (   0 filtered)
Number of warnings :    0 (   0 filtered)
Number of infos    :    0 (   0 filtered)

